// Jest Snapshot v1, https://goo.gl/fbAQLP

exports[`TagsInput Component cria o snapshot do component 1`] = `
<DocumentFragment>
  <div
    class="MuiFormControl-root MuiTextField-root WithStyles(ForwardRef(TextField))-root-1"
  >
    <label
      class="MuiFormLabel-root MuiInputLabel-root MuiInputLabel-formControl MuiInputLabel-animated MuiInputLabel-shrink MuiInputLabel-outlined"
      data-shrink="true"
      for="tags"
    >
      tags
    </label>
    <div
      class="MuiInputBase-root MuiOutlinedInput-root MuiInputBase-formControl MuiInputBase-adornedStart MuiOutlinedInput-adornedStart"
    >
      <fieldset
        aria-hidden="true"
        class="PrivateNotchedOutline-root-2 MuiOutlinedInput-notchedOutline"
        style="padding-left: 8px;"
      >
        <legend
          class="PrivateNotchedOutline-legend-3"
          style="width: 0px;"
        >
          <span>
            â€‹
          </span>
        </legend>
      </fieldset>
      <input
        aria-invalid="false"
        class="MuiInputBase-input MuiOutlinedInput-input MuiInputBase-inputAdornedStart MuiOutlinedInput-inputAdornedStart"
        id="tags"
        name="tags"
        placeholder="add Tags"
        type="text"
        value=""
      />
    </div>
  </div>
</DocumentFragment>
`;
